---
source: core/routing-engine/src/route/scoring.rs
expression: "scores.into_iter().take(3).collect::<Vec<_>>()"
---
[
  [
    "systematic-debugging",
    13.091287092917527,
    [
      "ngram_similarity:0.1",
      "Session-start required boost applied (+8)."
    ]
  ],
  [
    "slides",
    13.045643546458765,
    [
      "ngram_similarity:0.0",
      "Session-start required boost applied (+8)."
    ]
  ],
  [
    "deep-research",
    3.2132942670437514,
    [
      "ngram_similarity:0.2",
      "Session-start preferred boost applied (+3)."
    ]
  ]
]
