---
source: core/routing-engine/src/route/scoring.rs
expression: results
---
[
  {
    "query": "SCI润色 abstract",
    "top3": [
      {
        "reasons": [
          "Paper-workbench boost: prose edit / pasted manuscript / colloquial rewrite — auto prose-quality-gate (no user tokens required).",
          "keywords:2",
          "Trigger hint matched: SCI润色.",
          "ngram_similarity:0.7",
          "keywords:2",
          "Session-start preferred boost applied (+3)."
        ],
        "score": 95.65278757377182,
        "slug": "paper-workbench"
      },
      {
        "reasons": [
          "ngram_similarity:0.4",
          "Session-start required boost applied (+8)."
        ],
        "score": 13.384327832914654,
        "slug": "agent-swarm-orchestration"
      },
      {
        "reasons": [
          "ngram_similarity:0.4",
          "Session-start required boost applied (+8)."
        ],
        "score": 13.352639954402445,
        "slug": "doc"
      }
    ]
  },
  {
    "query": "code review 找bug",
    "top3": [
      {
        "reasons": [
          "English code review context boosts code-review-deep.",
          "name_tokens:2",
          "Trigger hint matched: code review.",
          "ngram_similarity:0.8",
          "Session-start preferred boost applied (+3)."
        ],
        "score": 97.7877649822926,
        "slug": "code-review-deep"
      },
      {
        "reasons": [
          "Routing gate matched: bug.",
          "ngram_similarity:0.4"
        ],
        "score": 23.398883142100807,
        "slug": "systematic-debugging"
      },
      {
        "reasons": [
          "keywords:1",
          "ngram_similarity:0.6",
          "keywords:1",
          "Session-start required boost applied (+8)."
        ],
        "score": 19.554876866749805,
        "slug": "gh-address-comments"
      }
    ]
  },
  {
    "query": "help me write tests",
    "top3": [
      {
        "reasons": [
          "keywords:3",
          "ngram_similarity:0.6",
          "keywords:3",
          "Session-start preferred boost applied (+3).",
          "Do-not-use penalty applied: write."
        ],
        "score": 16.573672582685795,
        "slug": "statistical-analysis"
      },
      {
        "reasons": [
          "ngram_similarity:0.4",
          "Session-start required boost applied (+8)."
        ],
        "score": 13.445291164011126,
        "slug": "spreadsheets"
      },
      {
        "reasons": [
          "ngram_similarity:0.4",
          "Session-start required boost applied (+8)."
        ],
        "score": 13.422731843038022,
        "slug": "gh-address-comments"
      }
    ]
  },
  {
    "query": "重构这个模块",
    "top3": [
      {
        "reasons": [
          "ngram_similarity:0.1",
          "Session-start required boost applied (+8)."
        ],
        "score": 13.077151674981046,
        "slug": "doc"
      },
      {
        "reasons": [
          "ngram_similarity:0.1",
          "Session-start required boost applied (+8)."
        ],
        "score": 13.072168783648703,
        "slug": "slides"
      },
      {
        "reasons": [
          "ngram_similarity:0.3",
          "Session-start preferred boost applied (+3)."
        ],
        "score": 3.2815838121560796,
        "slug": "simplify"
      }
    ]
  },
  {
    "query": "security audit",
    "top3": [
      {
        "reasons": [
          "ngram_similarity:0.5",
          "Session-start required boost applied (+8)."
        ],
        "score": 13.48419592243242,
        "slug": "doc"
      },
      {
        "reasons": [
          "ngram_similarity:0.5",
          "Session-start required boost applied (+8)."
        ],
        "score": 13.464372803808859,
        "slug": "agent-swarm-orchestration"
      },
      {
        "reasons": [
          "ngram_similarity:0.4",
          "Session-start required boost applied (+8)."
        ],
        "score": 13.361478445646025,
        "slug": "slides"
      }
    ]
  }
]
