---
source: core/routing-engine/src/route/scoring.rs
expression: results
---
[
  [
    "research",
    103.0
  ],
  [
    "agent-swarm-orchestration",
    113.0
  ],
  [
    "research-workspace",
    100.0
  ],
  [
    "citation-management",
    103.0
  ],
  [
    "deep-search",
    103.0
  ],
  [
    "design-md",
    113.0
  ],
  [
    "doc",
    113.0
  ],
  [
    "experiment-reproducibility",
    103.0
  ],
  [
    "formal-verification",
    100.0
  ],
  [
    "literature-verification",
    100.0
  ],
  [
    "math-verify",
    103.0
  ],
  [
    "math-explore",
    103.0
  ],
  [
    "math-modeling",
    103.0
  ],
  [
    "mcp-server-management",
    100.0
  ],
  [
    "pdf",
    113.0
  ],
  [
    "plan-mode",
    103.0
  ],
  [
    "prose-verification",
    100.0
  ],
  [
    "python-env-management",
    100.0
  ],
  [
    "reproducibility-verification",
    100.0
  ],
  [
    "sentry",
    113.0
  ],
  [
    "skill-framework-developer",
    103.0
  ],
  [
    "systematic-debugging",
    105.0
  ],
  [
    "slides",
    113.0
  ],
  [
    "statistical-verification",
    100.0
  ],
  [
    "structure-verification",
    100.0
  ],
  [
    "tikz-paper-figure",
    100.0
  ],
  [
    "primary-runtime",
    100.0
  ],
  [
    "web-tools",
    100.0
  ],
  [
    "financial-data",
    100.0
  ]
]
