---
source: core/framework-kernel/src/framework_profile/mod.rs
expression: json
---
{
  "approval_policy": {},
  "artifact_contract": {},
  "capabilities": {
    "core": [
      "runtime",
      "artifact",
      "orchestration"
    ],
    "optional": []
  },
  "codex_profile": {
    "capabilities": {
      "core": [
        "runtime",
        "artifact",
        "orchestration"
      ],
      "host": [
        "artifact_contract",
        "mcp_servers",
        "workspace_bootstrap",
        "interactive_agent_chat",
        "host_resume_entrypoint",
        "hard_gate_hooks",
        "framework_alias_entrypoints"
      ],
      "optional": []
    },
    "capability_surface": {
      "approval_policy": {},
      "artifact_contract": {},
      "delegation_contract": {
        "artifact_id": "delegation_contract",
        "delegation_kind": "hierarchical",
        "delegations": {
          "console": {
            "tool_description": "Navigate to a specific file/line and run a task",
            "tool_name": "task"
          },
          "subagent_config": {
            "tool_description": "Spawn a sub-agent for a focused task",
            "tool_name": "subagent"
          }
        },
        "fallback": {
          "fallback_instructions": "complete sub-goal without spawning",
          "local_fallback": true
        },
        "schema_version": "delegation-v1",
        "spawning_policy": {
          "default_timeout_secs": 300,
          "max_sub_agents": 5,
          "rate_limit": {
            "max_spawns": 10,
            "window_secs": 60
          }
        }
      },
      "execution_controller_contract": {
        "artifact_id": "execution_controller_contract",
        "controller_kind": "event-driven-delegation",
        "event_driven": {
          "agent_idle_timeout_secs": 600,
          "dispatchers": [
            {
              "event": "task_idle",
              "handler": "task_timeout_handler"
            },
            {
              "event": "task_done",
              "handler": "task_completion_handler"
            },
            {
              "event": "sub_task_submitted",
              "handler": "sub_task_handler"
            },
            {
              "event": "supervisor_tick",
              "handler": "supervisor_tick_handler"
            }
          ]
        },
        "schema_version": "execution-controller-v1"
      },
      "execution_protocol_contract": {
        "artifact_id": "execution_protocol_contract",
        "genesis": {
          "engine": "skill-framework",
          "framework_profile_version": "0.1.0",
          "initial_state": "goal_acquisition",
          "seed_agent": "init",
          "seed_tool": "resolve"
        },
        "phases": [
          {
            "entry_message": "planning_contract",
            "phase_id": "resolve"
          },
          {
            "entry_message": "execution_contract",
            "phase_id": "execute"
          },
          {
            "entry_message": "verification_report",
            "phase_id": "verify"
          },
          {
            "entry_message": "closeout_record",
            "phase_id": "closeout"
          }
        ],
        "schema_version": "execution-protocol-v1",
        "termination": {
          "abnormal": "error_or_interrupt",
          "normal": "phase_complete"
        }
      },
      "framework_surface_policy": {},
      "loadout_policy": {},
      "mcp_servers": [],
      "session_contract": {
        "model_policy": {},
        "session_policy": {}
      },
      "supervisor_state_contract": {
        "artifact_id": "supervisor_state_contract",
        "schema_expectations": {
          "delegation_fields": [
            "delegation_plan_created",
            "spawn_attempted",
            "spawn_block_reason",
            "fallback_mode",
            "delegated_sidecars"
          ],
          "execution_contract_fields": [
            "goal",
            "scope",
            "forbidden_scope",
            "acceptance_criteria",
            "evidence_required"
          ],
          "top_level_fields": [
            "schema_version",
            "task_id",
            "task_summary",
            "controller",
            "primary_owner",
            "active_phase",
            "execution_contract",
            "delegation",
            "workers",
            "progress",
            "verification",
            "open_blockers",
            "next_actions"
          ],
          "workers_fields": [
            "planned",
            "running",
            "completed_unintegrated",
            "integrated",
            "failed_recoverable",
            "failed_terminal",
            "stalled"
          ]
        },
        "schema_version": "supervisor-state-v1",
        "supervisor_kind": "phase-driven"
      },
      "tool_policy": {},
      "workspace_bootstrap": {
        "resources": {
          "skills": {
            "project_dir": "skills",
            "source_dir": "skills",
            "user_dir": "${CODEX_HOME}/skills"
          }
        }
      }
    },
    "display_name": "Test Profile",
    "framework_profile_version": "0.1.0",
    "host_alias_entrypoints": {
      "deepinterview": "/deepinterview",
      "gitx": "/gitx",
      "goalx": "/goalx",
      "update": "/update"
    },
    "host_family": "shared-rust-core",
    "host_payload": {
      "capabilities": [
        "artifact_contract",
        "mcp_servers",
        "workspace_bootstrap",
        "interactive_agent_chat",
        "host_resume_entrypoint",
        "hard_gate_hooks",
        "framework_alias_entrypoints"
      ],
      "checkpointing_supported": false,
      "config_root_env_var": null,
      "context_files": [
        "AGENTS.md"
      ],
      "framework_alias_entrypoints": {},
      "harness_capabilities": [
        "hot_runtime_routing",
        "l2_continuity_contract",
        "closeout_evidence_hooks",
        "review_gate_router_observation"
      ],
      "host_cli": "cursor",
      "host_id": "cursor",
      "managed_mcp_paths": [],
      "managed_mcp_server_ids": [
        "router-rs-framework",
        "browser-mcp",
        "mcp-codegraph",
        "paperplain"
      ],
      "managed_settings_paths": [],
      "mcp_config_paths": [
        {
          "host_root": "cursor",
          "relative": "mcp.json",
          "scope": "user"
        }
      ],
      "profile_id": "cursor_profile",
      "resume_command_examples": [
        "在 Cursor 中继续当前会话",
        "在同一工作区重新打开 Agent 对话"
      ],
      "session_supervisor_driver": "unsupported",
      "session_supervisor_status": {
        "rationale": "Cursor host does not expose external process supervision or auto-resume. session_supervisor currently supports codex and claude drivers only. Long-running goals on Cursor must rely on in-session continuity artifacts (.supervisor_state.json, SESSION_SUMMARY.md, NEXT_ACTIONS.json, EVIDENCE_INDEX.json) instead of an external supervisor process.",
        "supported": false
      },
      "settings_paths": [
        {
          "host_root": "cursor",
          "relative": "settings.json",
          "scope": "user"
        },
        {
          "relative": ".cursor/settings.json",
          "scope": "project"
        }
      ],
      "settings_scope_order": [],
      "settings_scopes": [],
      "structured_output_modes": [],
      "subagent_paths": [],
      "transport": "cursor-agent"
    },
    "profile_id": "test-profile",
    "runtime": {
      "continuity_contract": {
        "checkpointing_supported": false,
        "continuation_links": [],
        "max_continuation_depth": 5
      },
      "host_projection": {
        "metadata": {},
        "mode": "shared-rust-core"
      },
      "routing": {
        "mode": "default",
        "session_mode": {
          "approval_mode": "inherit",
          "extras": {},
          "history_policy": "host-managed",
          "mode": "default",
          "takeover": false
        }
      }
    },
    "runtime_family": "portable"
  },
  "display_name": "Test Profile",
  "framework_profile_version": "0.1.0",
  "framework_surface_policy": {},
  "full_codex_profile": {
    "capabilities": {
      "core": [
        "runtime",
        "artifact",
        "orchestration"
      ],
      "host": [
        "artifact_contract",
        "mcp_servers",
        "workspace_bootstrap",
        "interactive_agent_chat",
        "host_resume_entrypoint",
        "hard_gate_hooks",
        "framework_alias_entrypoints"
      ],
      "optional": []
    },
    "display_name": "Test Profile",
    "framework_profile_version": "0.1.0",
    "host_family": "shared-rust-core",
    "profile": {
      "approval_policy": {},
      "artifact_contract": {},
      "continuity_contract": {
        "checkpointing_supported": false,
        "continuation_links": [],
        "max_continuation_depth": 5
      },
      "delegation_contract": {
        "artifact_id": "delegation_contract",
        "delegation_kind": "hierarchical",
        "delegations": {
          "console": {
            "tool_description": "Navigate to a specific file/line and run a task",
            "tool_name": "task"
          },
          "subagent_config": {
            "tool_description": "Spawn a sub-agent for a focused task",
            "tool_name": "subagent"
          }
        },
        "fallback": {
          "fallback_instructions": "complete sub-goal without spawning",
          "local_fallback": true
        },
        "schema_version": "delegation-v1",
        "spawning_policy": {
          "default_timeout_secs": 300,
          "max_sub_agents": 5,
          "rate_limit": {
            "max_spawns": 10,
            "window_secs": 60
          }
        }
      },
      "execution_controller_contract": {
        "artifact_id": "execution_controller_contract",
        "controller_kind": "event-driven-delegation",
        "event_driven": {
          "agent_idle_timeout_secs": 600,
          "dispatchers": [
            {
              "event": "task_idle",
              "handler": "task_timeout_handler"
            },
            {
              "event": "task_done",
              "handler": "task_completion_handler"
            },
            {
              "event": "sub_task_submitted",
              "handler": "sub_task_handler"
            },
            {
              "event": "supervisor_tick",
              "handler": "supervisor_tick_handler"
            }
          ]
        },
        "schema_version": "execution-controller-v1"
      },
      "execution_protocol_contract": {
        "artifact_id": "execution_protocol_contract",
        "genesis": {
          "engine": "skill-framework",
          "framework_profile_version": "0.1.0",
          "initial_state": "goal_acquisition",
          "seed_agent": "init",
          "seed_tool": "resolve"
        },
        "phases": [
          {
            "entry_message": "planning_contract",
            "phase_id": "resolve"
          },
          {
            "entry_message": "execution_contract",
            "phase_id": "execute"
          },
          {
            "entry_message": "verification_report",
            "phase_id": "verify"
          },
          {
            "entry_message": "closeout_record",
            "phase_id": "closeout"
          }
        ],
        "schema_version": "execution-protocol-v1",
        "termination": {
          "abnormal": "error_or_interrupt",
          "normal": "phase_complete"
        }
      },
      "framework_surface_policy": {},
      "host_projection": {
        "metadata": {},
        "mode": "shared-rust-core"
      },
      "loadout_policy": {},
      "mcp_servers": [],
      "routing": {
        "mode": "default",
        "session_mode": {
          "approval_mode": "inherit",
          "extras": {},
          "history_policy": "host-managed",
          "mode": "default",
          "takeover": false
        }
      },
      "session_contract": {
        "model_policy": {},
        "session_policy": {}
      },
      "supervisor_state_contract": {
        "artifact_id": "supervisor_state_contract",
        "schema_expectations": {
          "delegation_fields": [
            "delegation_plan_created",
            "spawn_attempted",
            "spawn_block_reason",
            "fallback_mode",
            "delegated_sidecars"
          ],
          "execution_contract_fields": [
            "goal",
            "scope",
            "forbidden_scope",
            "acceptance_criteria",
            "evidence_required"
          ],
          "top_level_fields": [
            "schema_version",
            "task_id",
            "task_summary",
            "controller",
            "primary_owner",
            "active_phase",
            "execution_contract",
            "delegation",
            "workers",
            "progress",
            "verification",
            "open_blockers",
            "next_actions"
          ],
          "workers_fields": [
            "planned",
            "running",
            "completed_unintegrated",
            "integrated",
            "failed_recoverable",
            "failed_terminal",
            "stalled"
          ]
        },
        "schema_version": "supervisor-state-v1",
        "supervisor_kind": "phase-driven"
      },
      "tool_policy": {},
      "workspace_bootstrap": {
        "resources": {
          "skills": {
            "project_dir": "skills",
            "source_dir": "skills",
            "user_dir": "${CODEX_HOME}/skills"
          }
        }
      }
    },
    "profile_id": "test-profile",
    "runtime_family": "portable"
  },
  "host_capability_requirements": {},
  "host_family": "shared-rust-core",
  "host_payloads": {
    "claude": {
      "capabilities": [
        "artifact_contract",
        "workspace_bootstrap",
        "interactive_agent_chat",
        "framework_alias_entrypoints",
        "hard_gate_hooks"
      ],
      "checkpointing_supported": false,
      "config_root_env_var": null,
      "context_files": [
        "AGENTS.md"
      ],
      "framework_alias_entrypoints": {},
      "harness_capabilities": [
        "hot_runtime_routing",
        "l2_continuity_contract",
        "closeout_evidence_hooks",
        "review_gate_router_observation"
      ],
      "host_cli": "claude",
      "host_id": "claude",
      "managed_mcp_paths": [],
      "managed_mcp_server_ids": [
        "router-rs-framework",
        "browser-mcp",
        "mcp-codegraph",
        "paperplain"
      ],
      "managed_settings_paths": [],
      "mcp_config_paths": [],
      "profile_id": "claude_profile",
      "resume_command_examples": [
        "Continue in Claude in this workspace"
      ],
      "session_supervisor_driver": "mcp_bridge",
      "session_supervisor_status": {
        "bridge": "browser-mcp session tools (session_launch/session_list/session_inspect/session_terminate)",
        "rationale": "Claude bridges session supervision through browser-mcp MCP tools. SubagentStart/Stop hooks provide native lifecycle events.",
        "supported": true
      },
      "settings_paths": [
        {
          "relative": ".claude/settings.json",
          "scope": "project"
        }
      ],
      "settings_scope_order": [],
      "settings_scopes": [],
      "structured_output_modes": [],
      "subagent_paths": [],
      "transport": "anthropic-claude"
    },
    "codex": {
      "capabilities": [
        "artifact_contract",
        "mcp_servers",
        "workspace_bootstrap",
        "batch_execution",
        "cron_execution",
        "ci_runner",
        "non_interactive_entrypoint",
        "external_session_supervisor",
        "rate_limit_auto_resume",
        "host_resume_entrypoint",
        "hard_gate_hooks",
        "framework_alias_entrypoints"
      ],
      "checkpointing_supported": false,
      "config_root_env_var": null,
      "context_files": [
        "AGENTS.md"
      ],
      "framework_alias_entrypoints": {},
      "harness_capabilities": [
        "hot_runtime_routing",
        "l2_continuity_contract",
        "closeout_evidence_hooks",
        "review_gate_router_observation"
      ],
      "host_cli": "codex",
      "host_id": "codex",
      "managed_mcp_paths": [],
      "managed_mcp_server_ids": [
        "router-rs-framework",
        "browser-mcp",
        "mcp-codegraph",
        "paperplain"
      ],
      "managed_settings_paths": [],
      "mcp_config_paths": [
        {
          "relative": ".codex/config.toml",
          "scope": "project"
        }
      ],
      "profile_id": "codex_profile",
      "resume_command_examples": [
        "codex resume --last",
        "codex resume <session_id>"
      ],
      "session_supervisor_driver": "codex_driver",
      "settings_paths": [
        {
          "host_root": "codex",
          "relative": "config.toml",
          "scope": "user"
        },
        {
          "relative": ".codex/config.toml",
          "scope": "project"
        }
      ],
      "settings_scope_order": [],
      "settings_scopes": [],
      "structured_output_modes": [],
      "subagent_paths": [],
      "transport": "native-codex"
    },
    "cursor": {
      "capabilities": [
        "artifact_contract",
        "mcp_servers",
        "workspace_bootstrap",
        "interactive_agent_chat",
        "host_resume_entrypoint",
        "hard_gate_hooks",
        "framework_alias_entrypoints"
      ],
      "checkpointing_supported": false,
      "config_root_env_var": null,
      "context_files": [
        "AGENTS.md"
      ],
      "framework_alias_entrypoints": {},
      "harness_capabilities": [
        "hot_runtime_routing",
        "l2_continuity_contract",
        "closeout_evidence_hooks",
        "review_gate_router_observation"
      ],
      "host_cli": "cursor",
      "host_id": "cursor",
      "managed_mcp_paths": [],
      "managed_mcp_server_ids": [
        "router-rs-framework",
        "browser-mcp",
        "mcp-codegraph",
        "paperplain"
      ],
      "managed_settings_paths": [],
      "mcp_config_paths": [
        {
          "host_root": "cursor",
          "relative": "mcp.json",
          "scope": "user"
        }
      ],
      "profile_id": "cursor_profile",
      "resume_command_examples": [
        "在 Cursor 中继续当前会话",
        "在同一工作区重新打开 Agent 对话"
      ],
      "session_supervisor_driver": "unsupported",
      "session_supervisor_status": {
        "rationale": "Cursor host does not expose external process supervision or auto-resume. session_supervisor currently supports codex and claude drivers only. Long-running goals on Cursor must rely on in-session continuity artifacts (.supervisor_state.json, SESSION_SUMMARY.md, NEXT_ACTIONS.json, EVIDENCE_INDEX.json) instead of an external supervisor process.",
        "supported": false
      },
      "settings_paths": [
        {
          "host_root": "cursor",
          "relative": "settings.json",
          "scope": "user"
        },
        {
          "relative": ".cursor/settings.json",
          "scope": "project"
        }
      ],
      "settings_scope_order": [],
      "settings_scopes": [],
      "structured_output_modes": [],
      "subagent_paths": [],
      "transport": "cursor-agent"
    },
    "opencode": {
      "capabilities": [
        "artifact_contract",
        "mcp_servers",
        "workspace_bootstrap",
        "interactive_agent_chat",
        "framework_alias_entrypoints"
      ],
      "checkpointing_supported": false,
      "config_root_env_var": null,
      "context_files": [
        "AGENTS.md"
      ],
      "framework_alias_entrypoints": {},
      "harness_capabilities": [
        "hot_runtime_routing",
        "l2_continuity_contract",
        "closeout_evidence_hooks",
        "review_gate_router_observation"
      ],
      "host_cli": "opencode",
      "host_id": "opencode",
      "managed_mcp_paths": [],
      "managed_mcp_server_ids": [
        "router-rs-framework",
        "browser-mcp",
        "mcp-codegraph",
        "paperplain"
      ],
      "managed_settings_paths": [],
      "mcp_config_paths": [
        {
          "relative": ".opencode/opencode.json",
          "scope": "project"
        },
        {
          "host_root": "opencode",
          "notes": "Default: ~/.config/opencode/opencode.json",
          "relative": "opencode.json",
          "scope": "user"
        }
      ],
      "profile_id": "opencode_profile",
      "resume_command_examples": [
        "Continue in the same Opencode session"
      ],
      "session_supervisor_driver": "unsupported",
      "session_supervisor_status": {
        "rationale": "Opencode host does not expose external process supervision or auto-resume. Long-running goals on Opencode must rely on in-session continuity artifacts (.supervisor_state.json, SESSION_SUMMARY.md, NEXT_ACTIONS.json, EVIDENCE_INDEX.json) instead of an external supervisor process.",
        "supported": false
      },
      "settings_paths": [
        {
          "relative": ".opencode/opencode.json",
          "scope": "project"
        }
      ],
      "settings_scope_order": [],
      "settings_scopes": [],
      "structured_output_modes": [],
      "subagent_paths": [],
      "transport": "native-opencode"
    }
  },
  "loadout_policy": {},
  "mcp_servers": [],
  "metadata": {},
  "model_policy": {},
  "profile_id": "test-profile",
  "rules_bundle": "default",
  "runtime_family": "portable",
  "session_policy": {},
  "skill_bundle": "default",
  "tool_policy": {},
  "workspace_bootstrap": {
    "resources": {
      "skills": {
        "project_dir": "skills",
        "source_dir": "skills",
        "user_dir": "${CODEX_HOME}/skills"
      }
    }
  }
}
