---
source: core/runtime-core/src/web_fetch_guard.rs
assertion_line: 334
expression: results
---
[
    (
        "127.0.0.1",
        true,
    ),
    (
        "10.0.0.1",
        true,
    ),
    (
        "172.16.0.1",
        true,
    ),
    (
        "192.168.1.1",
        true,
    ),
    (
        "169.254.169.254",
        true,
    ),
    (
        "0.0.0.0",
        true,
    ),
    (
        "0.0.0.1",
        true,
    ),
    (
        "100.64.0.1",
        true,
    ),
    (
        "100.127.255.255",
        true,
    ),
    (
        "100.63.0.1",
        false,
    ),
    (
        "198.18.0.1",
        true,
    ),
    (
        "198.19.255.255",
        true,
    ),
    (
        "8.8.8.8",
        false,
    ),
    (
        "93.184.216.34",
        false,
    ),
]
