---
source: core/runtime-core/src/web_fetch_guard.rs
assertion_line: 359
expression: results
---
[
    (
        "::1",
        true,
    ),
    (
        "::",
        true,
    ),
    (
        "fd00::1",
        true,
    ),
    (
        "fe80::1",
        true,
    ),
    (
        "ff02::1",
        true,
    ),
    (
        "::ffff:127.0.0.1",
        true,
    ),
    (
        "::ffff:10.0.0.1",
        true,
    ),
    (
        "::ffff:8.8.8.8",
        false,
    ),
    (
        "2001:4860:4860::8888",
        false,
    ),
]
