---
source: core/framework-core/src/hook_policy.rs
assertion_line: 1480
expression: response
---
HookPolicyEvaluateResponse {
    schema_version: "router-rs-hook-policy-v1",
    authority: "rust-hook-policy",
    operation: "bash-danger",
    blocked: true,
    reason: Some(
        "Blocked destructive rm command.",
    ),
    categories: [],
    category: None,
    protected: false,
    protection_kind: None,
}
