---
source: core/framework-runtime/src/closeout_enforcement.rs
expression: record
---
CloseoutRecord {
    schema_version: "",
    task_id: "",
    started_at: None,
    ended_at: None,
    changed_files: [],
    commands_run: [],
    artifacts_checked: [],
    verification_status: "",
    blockers: [],
    risks: [],
    summary: "",
    notes: None,
}
