---
source: core/host-projection/src/hooks.rs
expression: d
---
RouteDecision {
    selected_skill: "code-review",
    selected_skill_path: Some(
        "skills/code-review/skill.md",
    ),
    reasons: [
        "matched by routing rules: intent=review",
        "high confidence match (score=0.95)",
    ],
    score: 0.95,
}
